---
source: kyanite-core/src/ast/mod.rs
expression: ast
---
Ast {
    nodes: [
        Function(
            FuncDecl {
                name: Token {
                    kind: Identifier,
                    lexeme: Some(
                        "foo",
                    ),
                    span: Span {
                        line: 1,
                        column: 5,
                        length: 3,
                    },
                },
                params: [
                    Param {
                        name: Token {
                            kind: Identifier,
                            lexeme: Some(
                                "bar",
                            ),
                            span: Span {
                                line: 1,
                                column: 9,
                                length: 3,
                            },
                        },
                        ty: Token {
                            kind: Identifier,
                            lexeme: Some(
                                "int",
                            ),
                            span: Span {
                                line: 1,
                                column: 14,
                                length: 3,
                            },
                        },
                    },
                ],
                ty: Some(
                    Token {
                        kind: Identifier,
                        lexeme: Some(
                            "int",
                        ),
                        span: Span {
                            line: 1,
                            column: 20,
                            length: 3,
                        },
                    },
                ),
                body: [
                    Return(
                        Return {
                            expr: Ident(
                                Ident {
                                    name: Token {
                                        kind: Identifier,
                                        lexeme: Some(
                                            "bar",
                                        ),
                                        span: Span {
                                            line: 2,
                                            column: 11,
                                            length: 3,
                                        },
                                    },
                                },
                            ),
                            keyword: Token {
                                kind: Return,
                                lexeme: None,
                                span: Span {
                                    line: 2,
                                    column: 4,
                                    length: 6,
                                },
                            },
                        },
                    ),
                ],
                external: false,
                id: 0,
            },
        ),
        Function(
            FuncDecl {
                name: Token {
                    kind: Identifier,
                    lexeme: Some(
                        "bar",
                    ),
                    span: Span {
                        line: 5,
                        column: 5,
                        length: 3,
                    },
                },
                params: [],
                ty: Some(
                    Token {
                        kind: Identifier,
                        lexeme: Some(
                            "float",
                        ),
                        span: Span {
                            line: 5,
                            column: 12,
                            length: 5,
                        },
                    },
                ),
                body: [
                    Return(
                        Return {
                            expr: Float(
                                42.0,
                                Token {
                                    kind: Literal,
                                    lexeme: Some(
                                        "42.",
                                    ),
                                    span: Span {
                                        line: 6,
                                        column: 11,
                                        length: 3,
                                    },
                                },
                            ),
                            keyword: Token {
                                kind: Return,
                                lexeme: None,
                                span: Span {
                                    line: 6,
                                    column: 4,
                                    length: 6,
                                },
                            },
                        },
                    ),
                ],
                external: false,
                id: 0,
            },
        ),
        Function(
            FuncDecl {
                name: Token {
                    kind: Identifier,
                    lexeme: Some(
                        "helloWorld",
                    ),
                    span: Span {
                        line: 9,
                        column: 5,
                        length: 10,
                    },
                },
                params: [],
                ty: None,
                body: [
                    Expr(
                        Call(
                            Call {
                                left: Ident(
                                    Ident {
                                        name: Token {
                                            kind: Identifier,
                                            lexeme: Some(
                                                "println",
                                            ),
                                            span: Span {
                                                line: 10,
                                                column: 4,
                                                length: 7,
                                            },
                                        },
                                    },
                                ),
                                args: [
                                    Str(
                                        "\"Hello world!\"",
                                        Token {
                                            kind: Literal,
                                            lexeme: Some(
                                                "\"Hello world!\"",
                                            ),
                                            span: Span {
                                                line: 10,
                                                column: 12,
                                                length: 14,
                                            },
                                        },
                                    ),
                                ],
                                parens: (
                                    Token {
                                        kind: LeftParen,
                                        lexeme: None,
                                        span: Span {
                                            line: 10,
                                            column: 11,
                                            length: 1,
                                        },
                                    },
                                    Token {
                                        kind: RightParen,
                                        lexeme: None,
                                        span: Span {
                                            line: 10,
                                            column: 26,
                                            length: 1,
                                        },
                                    },
                                ),
                                delimiters: [],
                            },
                        ),
                    ),
                ],
                external: false,
                id: 0,
            },
        ),
        Function(
            FuncDecl {
                name: Token {
                    kind: Identifier,
                    lexeme: Some(
                        "main",
                    ),
                    span: Span {
                        line: 13,
                        column: 5,
                        length: 4,
                    },
                },
                params: [],
                ty: None,
                body: [
                    Expr(
                        Call(
                            Call {
                                left: Ident(
                                    Ident {
                                        name: Token {
                                            kind: Identifier,
                                            lexeme: Some(
                                                "helloWorld",
                                            ),
                                            span: Span {
                                                line: 14,
                                                column: 4,
                                                length: 10,
                                            },
                                        },
                                    },
                                ),
                                args: [],
                                parens: (
                                    Token {
                                        kind: LeftParen,
                                        lexeme: None,
                                        span: Span {
                                            line: 14,
                                            column: 14,
                                            length: 1,
                                        },
                                    },
                                    Token {
                                        kind: RightParen,
                                        lexeme: None,
                                        span: Span {
                                            line: 14,
                                            column: 15,
                                            length: 1,
                                        },
                                    },
                                ),
                                delimiters: [],
                            },
                        ),
                    ),
                    Expr(
                        Call(
                            Call {
                                left: Ident(
                                    Ident {
                                        name: Token {
                                            kind: Identifier,
                                            lexeme: Some(
                                                "println",
                                            ),
                                            span: Span {
                                                line: 15,
                                                column: 4,
                                                length: 7,
                                            },
                                        },
                                    },
                                ),
                                args: [
                                    Call(
                                        Call {
                                            left: Ident(
                                                Ident {
                                                    name: Token {
                                                        kind: Identifier,
                                                        lexeme: Some(
                                                            "foo",
                                                        ),
                                                        span: Span {
                                                            line: 15,
                                                            column: 12,
                                                            length: 3,
                                                        },
                                                    },
                                                },
                                            ),
                                            args: [
                                                Int(
                                                    72,
                                                    Token {
                                                        kind: Literal,
                                                        lexeme: Some(
                                                            "72",
                                                        ),
                                                        span: Span {
                                                            line: 15,
                                                            column: 16,
                                                            length: 2,
                                                        },
                                                    },
                                                ),
                                            ],
                                            parens: (
                                                Token {
                                                    kind: LeftParen,
                                                    lexeme: None,
                                                    span: Span {
                                                        line: 15,
                                                        column: 15,
                                                        length: 1,
                                                    },
                                                },
                                                Token {
                                                    kind: RightParen,
                                                    lexeme: None,
                                                    span: Span {
                                                        line: 15,
                                                        column: 18,
                                                        length: 1,
                                                    },
                                                },
                                            ),
                                            delimiters: [],
                                        },
                                    ),
                                ],
                                parens: (
                                    Token {
                                        kind: LeftParen,
                                        lexeme: None,
                                        span: Span {
                                            line: 15,
                                            column: 11,
                                            length: 1,
                                        },
                                    },
                                    Token {
                                        kind: RightParen,
                                        lexeme: None,
                                        span: Span {
                                            line: 15,
                                            column: 19,
                                            length: 1,
                                        },
                                    },
                                ),
                                delimiters: [],
                            },
                        ),
                    ),
                    Expr(
                        Call(
                            Call {
                                left: Ident(
                                    Ident {
                                        name: Token {
                                            kind: Identifier,
                                            lexeme: Some(
                                                "println",
                                            ),
                                            span: Span {
                                                line: 16,
                                                column: 4,
                                                length: 7,
                                            },
                                        },
                                    },
                                ),
                                args: [
                                    Call(
                                        Call {
                                            left: Ident(
                                                Ident {
                                                    name: Token {
                                                        kind: Identifier,
                                                        lexeme: Some(
                                                            "bar",
                                                        ),
                                                        span: Span {
                                                            line: 16,
                                                            column: 12,
                                                            length: 3,
                                                        },
                                                    },
                                                },
                                            ),
                                            args: [],
                                            parens: (
                                                Token {
                                                    kind: LeftParen,
                                                    lexeme: None,
                                                    span: Span {
                                                        line: 16,
                                                        column: 15,
                                                        length: 1,
                                                    },
                                                },
                                                Token {
                                                    kind: RightParen,
                                                    lexeme: None,
                                                    span: Span {
                                                        line: 16,
                                                        column: 16,
                                                        length: 1,
                                                    },
                                                },
                                            ),
                                            delimiters: [],
                                        },
                                    ),
                                ],
                                parens: (
                                    Token {
                                        kind: LeftParen,
                                        lexeme: None,
                                        span: Span {
                                            line: 16,
                                            column: 11,
                                            length: 1,
                                        },
                                    },
                                    Token {
                                        kind: RightParen,
                                        lexeme: None,
                                        span: Span {
                                            line: 16,
                                            column: 17,
                                            length: 1,
                                        },
                                    },
                                ),
                                delimiters: [],
                            },
                        ),
                    ),
                    Expr(
                        Call(
                            Call {
                                left: Ident(
                                    Ident {
                                        name: Token {
                                            kind: Identifier,
                                            lexeme: Some(
                                                "println",
                                            ),
                                            span: Span {
                                                line: 17,
                                                column: 4,
                                                length: 7,
                                            },
                                        },
                                    },
                                ),
                                args: [
                                    Call(
                                        Call {
                                            left: Ident(
                                                Ident {
                                                    name: Token {
                                                        kind: Identifier,
                                                        lexeme: Some(
                                                            "max",
                                                        ),
                                                        span: Span {
                                                            line: 17,
                                                            column: 12,
                                                            length: 3,
                                                        },
                                                    },
                                                },
                                            ),
                                            args: [
                                                Int(
                                                    10,
                                                    Token {
                                                        kind: Literal,
                                                        lexeme: Some(
                                                            "10",
                                                        ),
                                                        span: Span {
                                                            line: 17,
                                                            column: 16,
                                                            length: 2,
                                                        },
                                                    },
                                                ),
                                                Int(
                                                    300,
                                                    Token {
                                                        kind: Literal,
                                                        lexeme: Some(
                                                            "300",
                                                        ),
                                                        span: Span {
                                                            line: 17,
                                                            column: 20,
                                                            length: 3,
                                                        },
                                                    },
                                                ),
                                            ],
                                            parens: (
                                                Token {
                                                    kind: LeftParen,
                                                    lexeme: None,
                                                    span: Span {
                                                        line: 17,
                                                        column: 15,
                                                        length: 1,
                                                    },
                                                },
                                                Token {
                                                    kind: RightParen,
                                                    lexeme: None,
                                                    span: Span {
                                                        line: 17,
                                                        column: 23,
                                                        length: 1,
                                                    },
                                                },
                                            ),
                                            delimiters: [
                                                Token {
                                                    kind: Comma,
                                                    lexeme: None,
                                                    span: Span {
                                                        line: 17,
                                                        column: 18,
                                                        length: 1,
                                                    },
                                                },
                                            ],
                                        },
                                    ),
                                ],
                                parens: (
                                    Token {
                                        kind: LeftParen,
                                        lexeme: None,
                                        span: Span {
                                            line: 17,
                                            column: 11,
                                            length: 1,
                                        },
                                    },
                                    Token {
                                        kind: RightParen,
                                        lexeme: None,
                                        span: Span {
                                            line: 17,
                                            column: 24,
                                            length: 1,
                                        },
                                    },
                                ),
                                delimiters: [],
                            },
                        ),
                    ),
                    Expr(
                        Call(
                            Call {
                                left: Ident(
                                    Ident {
                                        name: Token {
                                            kind: Identifier,
                                            lexeme: Some(
                                                "println",
                                            ),
                                            span: Span {
                                                line: 18,
                                                column: 4,
                                                length: 7,
                                            },
                                        },
                                    },
                                ),
                                args: [
                                    Call(
                                        Call {
                                            left: Ident(
                                                Ident {
                                                    name: Token {
                                                        kind: Identifier,
                                                        lexeme: Some(
                                                            "min",
                                                        ),
                                                        span: Span {
                                                            line: 18,
                                                            column: 12,
                                                            length: 3,
                                                        },
                                                    },
                                                },
                                            ),
                                            args: [
                                                Float(
                                                    10.0,
                                                    Token {
                                                        kind: Literal,
                                                        lexeme: Some(
                                                            "10.",
                                                        ),
                                                        span: Span {
                                                            line: 18,
                                                            column: 16,
                                                            length: 3,
                                                        },
                                                    },
                                                ),
                                                Float(
                                                    300.0,
                                                    Token {
                                                        kind: Literal,
                                                        lexeme: Some(
                                                            "300.",
                                                        ),
                                                        span: Span {
                                                            line: 18,
                                                            column: 21,
                                                            length: 4,
                                                        },
                                                    },
                                                ),
                                            ],
                                            parens: (
                                                Token {
                                                    kind: LeftParen,
                                                    lexeme: None,
                                                    span: Span {
                                                        line: 18,
                                                        column: 15,
                                                        length: 1,
                                                    },
                                                },
                                                Token {
                                                    kind: RightParen,
                                                    lexeme: None,
                                                    span: Span {
                                                        line: 18,
                                                        column: 25,
                                                        length: 1,
                                                    },
                                                },
                                            ),
                                            delimiters: [
                                                Token {
                                                    kind: Comma,
                                                    lexeme: None,
                                                    span: Span {
                                                        line: 18,
                                                        column: 19,
                                                        length: 1,
                                                    },
                                                },
                                            ],
                                        },
                                    ),
                                ],
                                parens: (
                                    Token {
                                        kind: LeftParen,
                                        lexeme: None,
                                        span: Span {
                                            line: 18,
                                            column: 11,
                                            length: 1,
                                        },
                                    },
                                    Token {
                                        kind: RightParen,
                                        lexeme: None,
                                        span: Span {
                                            line: 18,
                                            column: 26,
                                            length: 1,
                                        },
                                    },
                                ),
                                delimiters: [],
                            },
                        ),
                    ),
                ],
                external: false,
                id: 0,
            },
        ),
    ],
}
