---
source: kyanite-core/src/parse.rs
expression: parser.errors.len()
---
0
