---
source: kyanite-core/src/token/mod.rs
expression: stream.tokens
---
[
    Token {
        kind: Const,
        lexeme: None,
        span: Span {
            line: 1,
            column: 1,
            length: 5,
        },
    },
    Token {
        kind: Identifier,
        lexeme: Some(
            "FOO",
        ),
        span: Span {
            line: 1,
            column: 7,
            length: 3,
        },
    },
    Token {
        kind: Colon,
        lexeme: None,
        span: Span {
            line: 1,
            column: 10,
            length: 1,
        },
    },
    Token {
        kind: Identifier,
        lexeme: Some(
            "float",
        ),
        span: Span {
            line: 1,
            column: 12,
            length: 5,
        },
    },
    Token {
        kind: Equal,
        lexeme: None,
        span: Span {
            line: 1,
            column: 18,
            length: 1,
        },
    },
    Token {
        kind: Literal,
        lexeme: Some(
            "5.",
        ),
        span: Span {
            line: 1,
            column: 20,
            length: 2,
        },
    },
    Token {
        kind: Semicolon,
        lexeme: None,
        span: Span {
            line: 1,
            column: 22,
            length: 1,
        },
    },
    Token {
        kind: Fun,
        lexeme: None,
        span: Span {
            line: 3,
            column: 1,
            length: 3,
        },
    },
    Token {
        kind: Identifier,
        lexeme: Some(
            "mulByTwo",
        ),
        span: Span {
            line: 3,
            column: 5,
            length: 8,
        },
    },
    Token {
        kind: LeftParen,
        lexeme: None,
        span: Span {
            line: 3,
            column: 13,
            length: 1,
        },
    },
    Token {
        kind: Identifier,
        lexeme: Some(
            "lhs",
        ),
        span: Span {
            line: 3,
            column: 14,
            length: 3,
        },
    },
    Token {
        kind: Colon,
        lexeme: None,
        span: Span {
            line: 3,
            column: 17,
            length: 1,
        },
    },
    Token {
        kind: Identifier,
        lexeme: Some(
            "float",
        ),
        span: Span {
            line: 3,
            column: 19,
            length: 5,
        },
    },
    Token {
        kind: Comma,
        lexeme: None,
        span: Span {
            line: 3,
            column: 24,
            length: 1,
        },
    },
    Token {
        kind: Identifier,
        lexeme: Some(
            "rhs",
        ),
        span: Span {
            line: 3,
            column: 26,
            length: 3,
        },
    },
    Token {
        kind: Colon,
        lexeme: None,
        span: Span {
            line: 3,
            column: 29,
            length: 1,
        },
    },
    Token {
        kind: Identifier,
        lexeme: Some(
            "int",
        ),
        span: Span {
            line: 3,
            column: 31,
            length: 3,
        },
    },
    Token {
        kind: RightParen,
        lexeme: None,
        span: Span {
            line: 3,
            column: 34,
            length: 1,
        },
    },
    Token {
        kind: Colon,
        lexeme: None,
        span: Span {
            line: 3,
            column: 35,
            length: 1,
        },
    },
    Token {
        kind: Identifier,
        lexeme: Some(
            "float",
        ),
        span: Span {
            line: 3,
            column: 37,
            length: 5,
        },
    },
    Token {
        kind: LeftBrace,
        lexeme: None,
        span: Span {
            line: 3,
            column: 43,
            length: 1,
        },
    },
    Token {
        kind: Let,
        lexeme: None,
        span: Span {
            line: 4,
            column: 5,
            length: 3,
        },
    },
    Token {
        kind: Identifier,
        lexeme: Some(
            "rhs",
        ),
        span: Span {
            line: 4,
            column: 9,
            length: 3,
        },
    },
    Token {
        kind: Colon,
        lexeme: None,
        span: Span {
            line: 4,
            column: 12,
            length: 1,
        },
    },
    Token {
        kind: Identifier,
        lexeme: Some(
            "float",
        ),
        span: Span {
            line: 4,
            column: 14,
            length: 5,
        },
    },
    Token {
        kind: Equal,
        lexeme: None,
        span: Span {
            line: 4,
            column: 20,
            length: 1,
        },
    },
    Token {
        kind: Literal,
        lexeme: Some(
            "8.",
        ),
        span: Span {
            line: 4,
            column: 22,
            length: 2,
        },
    },
    Token {
        kind: Semicolon,
        lexeme: None,
        span: Span {
            line: 4,
            column: 24,
            length: 1,
        },
    },
    Token {
        kind: Return,
        lexeme: None,
        span: Span {
            line: 5,
            column: 5,
            length: 6,
        },
    },
    Token {
        kind: Identifier,
        lexeme: Some(
            "lhs",
        ),
        span: Span {
            line: 5,
            column: 12,
            length: 3,
        },
    },
    Token {
        kind: Star,
        lexeme: None,
        span: Span {
            line: 5,
            column: 16,
            length: 1,
        },
    },
    Token {
        kind: Identifier,
        lexeme: Some(
            "rhs",
        ),
        span: Span {
            line: 5,
            column: 18,
            length: 3,
        },
    },
    Token {
        kind: Plus,
        lexeme: None,
        span: Span {
            line: 5,
            column: 22,
            length: 1,
        },
    },
    Token {
        kind: Identifier,
        lexeme: Some(
            "FOO",
        ),
        span: Span {
            line: 5,
            column: 24,
            length: 3,
        },
    },
    Token {
        kind: Semicolon,
        lexeme: None,
        span: Span {
            line: 5,
            column: 27,
            length: 1,
        },
    },
    Token {
        kind: RightBrace,
        lexeme: None,
        span: Span {
            line: 6,
            column: 1,
            length: 1,
        },
    },
    Token {
        kind: Fun,
        lexeme: None,
        span: Span {
            line: 8,
            column: 1,
            length: 3,
        },
    },
    Token {
        kind: Identifier,
        lexeme: Some(
            "main",
        ),
        span: Span {
            line: 8,
            column: 5,
            length: 4,
        },
    },
    Token {
        kind: LeftParen,
        lexeme: None,
        span: Span {
            line: 8,
            column: 9,
            length: 1,
        },
    },
    Token {
        kind: RightParen,
        lexeme: None,
        span: Span {
            line: 8,
            column: 10,
            length: 1,
        },
    },
    Token {
        kind: LeftBrace,
        lexeme: None,
        span: Span {
            line: 8,
            column: 12,
            length: 1,
        },
    },
    Token {
        kind: Let,
        lexeme: None,
        span: Span {
            line: 9,
            column: 5,
            length: 3,
        },
    },
    Token {
        kind: Identifier,
        lexeme: Some(
            "a",
        ),
        span: Span {
            line: 9,
            column: 9,
            length: 1,
        },
    },
    Token {
        kind: Colon,
        lexeme: None,
        span: Span {
            line: 9,
            column: 10,
            length: 1,
        },
    },
    Token {
        kind: Identifier,
        lexeme: Some(
            "float",
        ),
        span: Span {
            line: 9,
            column: 12,
            length: 5,
        },
    },
    Token {
        kind: Equal,
        lexeme: None,
        span: Span {
            line: 9,
            column: 18,
            length: 1,
        },
    },
    Token {
        kind: Literal,
        lexeme: Some(
            "5.",
        ),
        span: Span {
            line: 9,
            column: 20,
            length: 2,
        },
    },
    Token {
        kind: Semicolon,
        lexeme: None,
        span: Span {
            line: 9,
            column: 22,
            length: 1,
        },
    },
    Token {
        kind: Let,
        lexeme: None,
        span: Span {
            line: 10,
            column: 5,
            length: 3,
        },
    },
    Token {
        kind: Identifier,
        lexeme: Some(
            "b",
        ),
        span: Span {
            line: 10,
            column: 9,
            length: 1,
        },
    },
    Token {
        kind: Colon,
        lexeme: None,
        span: Span {
            line: 10,
            column: 10,
            length: 1,
        },
    },
    Token {
        kind: Identifier,
        lexeme: Some(
            "int",
        ),
        span: Span {
            line: 10,
            column: 12,
            length: 3,
        },
    },
    Token {
        kind: Equal,
        lexeme: None,
        span: Span {
            line: 10,
            column: 16,
            length: 1,
        },
    },
    Token {
        kind: Literal,
        lexeme: Some(
            "7",
        ),
        span: Span {
            line: 10,
            column: 18,
            length: 1,
        },
    },
    Token {
        kind: Semicolon,
        lexeme: None,
        span: Span {
            line: 10,
            column: 19,
            length: 1,
        },
    },
    Token {
        kind: Identifier,
        lexeme: Some(
            "mulByTwo",
        ),
        span: Span {
            line: 11,
            column: 5,
            length: 8,
        },
    },
    Token {
        kind: LeftParen,
        lexeme: None,
        span: Span {
            line: 11,
            column: 13,
            length: 1,
        },
    },
    Token {
        kind: Identifier,
        lexeme: Some(
            "a",
        ),
        span: Span {
            line: 11,
            column: 14,
            length: 1,
        },
    },
    Token {
        kind: Comma,
        lexeme: None,
        span: Span {
            line: 11,
            column: 15,
            length: 1,
        },
    },
    Token {
        kind: Identifier,
        lexeme: Some(
            "b",
        ),
        span: Span {
            line: 11,
            column: 17,
            length: 1,
        },
    },
    Token {
        kind: RightParen,
        lexeme: None,
        span: Span {
            line: 11,
            column: 18,
            length: 1,
        },
    },
    Token {
        kind: Semicolon,
        lexeme: None,
        span: Span {
            line: 11,
            column: 19,
            length: 1,
        },
    },
    Token {
        kind: RightBrace,
        lexeme: None,
        span: Span {
            line: 12,
            column: 1,
            length: 1,
        },
    },
]
