---
source: kyanite-cli/tests/mod.rs
expression: lines
---
- "Hello, world!"

