---
source: kyanite-cli/tests/mod.rs
expression: lines
---
- "100"
- "500"
- "80"
- Hello
- World
- "!"
- World

