---
source: kyanite-cli/tests/mod.rs
expression: lines
---
- "5"

