---
source: kyanite-cli/tests/mod.rs
expression: lines
---
- "false"
- "true"
- "false"
- "true"
- "true"
- "false"

